▓▓▓▓▓▓▓▓▓▓▓▓*****************▓▓▓▓▓▓▓▓▓▓▓▓▓▓▓▓▓▓▓▓▓▓▓▓▓▓▓▓▓▓▓▓▓▓▓▓▓▓▓▓▓▓▓▓▓▓▓▓▓▓▓▓▓▓▓▓▓▓▓▓▓▓▓▓▓▓▓▓▓▓▓▓▓▓▓▓▓▓▓▓▓▓▓▓
▓                                                                                                               ▓
▓                                                                                                               ▓
▓                                                                                                               ▓
▓                                                                                                               ▓
▓                                                                                                               ▓
▓                                                                                                               ▓
▓                                                                                                               ▓
▓                                                                                                               ▓
▓                                                                                                               ▓
▓_________________________________________________________                                                      ▓
/                                                          \          ________________________________________  ▓
|                                                          |\       /|       |                               |  ▓
|      ___                 ___________________             | \     / |       |                               |  ▓
|  __/|   |\____           |        |        |\            |  \    | |       |                               |  ▓
|  | ||___| | ||           |  """"  |  """"  ||\           |   |   | |       |            /                  |  ▓
|__|_/_____\|_||           |  """"  |  """"  |||           |   |   | |       |           /                   |  ▓
|  | 123  TELE |           |  """"  |  """"  |||           |   |   | |       |          /                    |  ▓
|  | 456  TELE |           |________|________|||           |   |   | |       |                               |  ▓
|  | 789  TELE |            \_________________\|           |   |   | |_______|_______________________________|  ▓
___| #0- PHONE |_____________\_________________\___________|   |   |/_______________________________________/   ▓
▓\_________________________________________________________ \  |   /___________________ / | /             / |   ▓
▓ \________\ |                                             \ \ |                          |/_____________/  |   ▓
▓  \________\|                                              \_\|                                            |   ▓
▓  |                                                                                                        |   ▓
▓  |                                                                                                        |   ▓
▓  |                                                                                                        |   ▓
▓  |                                                                                                        |   ▓
▓  |                                                               _____________________                    |   ▓
▓  |                                                              /                     \                   |   ▓
▓\ |                                                             /                       \    ______________|   ▓
▓ \|                                                            /                         \  |\______________\  ▓
▓  |                                                           /__________________________ \ | \______________\ ▓
▓▓▓▓▓▓▓*********▓▓▓▓▓▓▓▓▓▓▓▓▓▓▓▓▓▓▓▓▓▓▓▓▓▓▓▓▓▓▓▓▓▓▓▓▓▓▓▓▓▓▓▓▓▓|____________________________|_|_|_______________\▓