34 113
                                  /##############################################################################
                                 / ##############################################################################
                                /  ##############################################################################
                               /   ##############################################################################
                              /    ##############################################################################
                             /     ##############################################################################
                            /     /############################################################################## 
                           /     / ##############################################################################
           _____________________/__##############################################################################
          |                     |  ##############################################################################
          |                     |  ##############################################################################
          |                     |  ##############################################################################
          |                     |  ##############################################################################
          |                     |  #################*############################################################
          |                     | /      /                    /                                                /#
          |                      /_____ /                    /________________________________________________//#
          |                                                                                                  |/ #
          |                                                                                                     #
          |                                                                                                     #
          |                                                                                                     *
          |                      _______                     ________________________________________________|\ #
          |                     |\      \                    \                                                \\#
          |                     | \      \                    \                                                \#
          |                     |  #################*############################################################
          |                     |  ############################################################################## 
          |                     |  ##############################################################################
          |                     |  ##############################################################################
          |_____________________|__##############################################################################
                             \   \ ##############################################################################
                              \   \##############################################################################
                               \   ##############################################################################
                                \  ##############################################################################
                                 \ ##############################################################################
                                  \##############################################################################