34 113
#################################################################################################################
#################################################################################################################
#################################################################################################################
#################################################################################################################
#################################################################################################################
#################################################################################################################
#################################################################################################################
#####################################################################                                          /|
#####################################################################_________________________________________/ |
#####################################################################                                           |
|                                /###################################                                           *
|_______________________________/ ###################################                                           |
|                              |  ###################################                                           |
|                              |  ###################################                                           |
*                              |  ###################################                                           |
|                              |  ###################################                                          /#
|                              |  ###################################                     /######################
|                              |  #########_________*_________#######                    / ######################
|                              | /        /                  /      /                    | ######################
|                              |/________/                  /______/                     | ######################
|                                                                                        | ######################
#############                                                                            | ######################
#############                                                                            | ######################
#############                                                                            | ######################
#############                                                                            | ######################
#############                                                                            | ######################
#############_______________________________________*____________________________________| ######################
#################################################################################################################
#################################################################################################################
#################################################################################################################
#################################################################################################################
#################################################################################################################
#################################################################################################################
#################################################################################################################