34 113
___________________________________________________*_____________________________________________________________
|                                 /###/                      //###             |                                |
|_________________ ______________/ ###                       / ###_____________|           Floor 1997           |    
|      (()              (()     | /  /                       |   /             |                                |
|     ((  )            ((  )    |/__/                        |/_/              |____ __________________________ |
|    ((    )            (()                                                                                   | |
|     ((  )                                                                                                   | |
|      (()                                                                                                    | |
|                                                                                                             | |
|                                                                                                             | |
|                                                                                                             | |
|                                                                                                             | |
|                                                                                                             | |
|#########                                                          (()                               /#########|
|#########                                                         ((  )                             / #########|
|#########                                                          (()                             |  #########|
|#########                                                                                          |  #########|
|#########                                                                                          |  #########|
|        /                                                                                          | /        /|
|_______/                                                                                           |/________/ |
|                                                                                                             | |
|                                                                                                             |_|
|---------------------------------------------------------------------------------                            | |
|____________________________________________________________________________                     NOTICE:     | |
|    |        |        |        |                                           /|                   Elevator is  | |
|    |        |        |        |                                   _______/ |                   out of order | |
|    |        |        |        |                                  /|      | |                                | |
|    |        |        |        |                          _______/ |      | |                  Please use the| |
|    |        |        |        |                         /|      | |      | |                      stairs.   | |
|    |        |        |        |                 _______/ |      | |      | |                                | |
|    |        |        |        |                /|      | |      | |      | |                                |_|
|    |        |        |        |         ______/ |      | |      | |      | |                                | |
|    |        |        |        |       /|      | |      | |      | |      | |                                | |
_________________________________________________________________________________________________________________