34 113
_________________________________________________________________________________________________________________
|                  //    |             |                         |                            |                /|
|_________________| |    |_____________|_________________________|____________________________|______________ / |
|                 | |    /____________/_________________________/____________________________/                | |
|                 | |    |            |                         |                            |                | |
|                 | |    |            |                         |                            |                | |
|                 | |    |            |                         |                            |                | |
|                 | |____|____________|________________________/ \___________________________/                | |
|                 | |    |            |_______________________/\/___________________________/                 | |
|                 | |    |            |                                                                       | |
|                 | |    |            |                            |                                          | |
|                 | |    |            |                            |                                          | |
|                 | |    |            |                                                       (()             | |
|                 | |    |            |                                                      ((  )            | |
*                 | |    |            |                               /\                    ((    )           | |
|                 | |    |            |                    \         /  \                    ((  )            | |
|                 | |    |            |                     \       /    \                    (()             | |
|                 |/\____/____________/                            /      \                                   | |
|                  \/___/____________/                            /        \                                  | |
|                                                                /   TV    /|                                 | |
|                                                        __     /         / |                                 | |
|                                                              /_________/ ||                                 | |
|                                                              |         || |                                 | |
|                                                              |  | | |  | /                                  | |
|                                                              |_________|/                                   | |
|                                                                                                             | |
|                                                                                                             | |
|                                                                                                             | |
|                                                                                                             | |
|                                                                                                             | |
|                                                                                                             | |
|                                                                                                             | |
|                                                                                                             | |
_________________________________________________________*_______________________________________________________
