##################*############|______________________________|_____________________________|##|______________ /#
#\       \  |              \    \      /                      |_____________________________|| |______________/ #
# \     # \ |     #      #  #__##\#  # \   #  #               /\###########################/\| /             /  #
#  \_______\|                ## #####_#/  #    #             /  \#########################/  \/_____________/   #
#  |     #    #        #    #  /####/ \###  #______________ /    \-----------------------/    \             |   #
#  |#      #                   \###/   \######  #      #   /      \          o          /      \            |   #
#  | #  ### #          #      ### / o o \###_##_           \      /¯¯¯¯¯¯¯¯¯¯¯¯¯¯¯¯¯¯¯¯¯\      /            |   #
###|  ##     #   # Old Simone -> (       )#)# # #           \    /                       \    /             |   #
#  # #   #  ## #   #  # ##  ##  ##\  -  /####  #  #          \  /                         \  /              |   #
#  |# #   #   # ### ####  ###### ##\   /###  #      #         \/                           \/               |   #
#  |   # # ##   #   #   ##  #### # #\_/  ###               #                                                |   #
# #|  #    # # #   #   #      #  ##  #  ## # # #     #                                                      |   #
#  | #          #       #      ### # ##  # #  #                                                             |   #
#\ |                         #      #                      #                                                |  /#
#_\|                                         #                                                              | / #
#                                  #                                         _____________________          |/__#
*                                                                           mm                    |             #
#                                                                        /^(  )^\droom is where   |             *
#                                                                        \,(..),/                 |             #
#\                                                                         V~~V   your dreams are |            /#
# \                                                                         |_____________________|           / #
# |                                                                                                          /  #
# |                                                                                                         |   #
#__________________________________________________________                                                 |   #
/                                                          \          ______________________________________|_  #
|                                                          |\       /|       |                               |  #
|           _____                                          ||      / |       |                               |  #
|          /_____\              / \ ___                    ||      | |       |                               |  #
|           /                  /   \  |                    ||      | |       |            /                  |  #
|         //  |   \             \   \ |                    ||      | |       |           /                   |  #
|     ___ /_                     \   \|                    ||      | |       |          /                    |  #
|    (   /  ))                    \___\                    ||      | |       |                               |  #
|    (______))                                             ||      | |_______|______________________________ |  #
|##########################################################||###*##|/________/_______________________________|###
