_____________________________|__|______________ /
_____________________________|| |______________/ 
\###########################/\| /             /  
 \#########################/  \/_____________/   
  \-----------------------/    \             |   
   \          o          /      \            |   
   /¯¯¯¯¯¯¯¯¯¯¯¯¯¯¯¯¯¯¯¯¯\      /            |   
  /                       \    /             |   
 /                         \  /              |   
/                           \/               |   
                                             |   
                                             |   
                                             |   
                                             |  /
                                             | / 
              _____________________          |/__
             |                     |             
             |  Bedroom is where   |             
             |                     |             
             |     your dreams are |            /
             |_____________________|           / 
                                              /  
                                             |   
                                             |   
       ______________________________________|_  
     /|                                       |  
    / |                                       |  
    | |                                       |  
    | |                    /                  |  
    | |                   /                   |  
    | |      mm          /                    |  
    | |   /^(  )^\                            |  
    | |___\,(..),/___________________________ |  
_*__|/______V~~V______________________________|__
