_____________________________|##|______________ /
_____________________________|| |______________/ 
\###########################/\| /             /  
 \#########################/  \/_____________/   
  \-----------------------/    \             |   
   \          o          /      \            |   
   /¯¯¯¯¯¯¯¯¯¯¯¯¯¯¯¯¯¯¯¯¯\      /            |   
  /                       \    /             |   
 /                         \  /              |   
/                           \/               |   
                                             |   
                                             |   
                                             |   
                                             |  /
                                             | / 
              _____________________          |/__
             |                     |             
             |  Bedroom is where   |             
             |                     |             
             |     your dreams are |            /
             mm____________________|           / 
          /^(  )^\                            /  
          \,(..),/                           |   
            V~~V                             |   