_____________________________|__|______________ /
_____________________________|| |______________/ 
\###########################/\| /             /  
 \#########################/  \/_____________/   
  \-----------------------/    \             |   
   \          o          /      \            |   
   /¯¯¯¯¯¯¯¯¯¯¯¯¯¯¯¯¯¯¯¯¯\      /            |   
  /                       \    /             |   
 /                         \  /              |   
/                           \/               |   
                                             |   
                                             |   
                                             |   
                                             |  /
                                             | / 
              _____________________          |/__
             mm                    |             
          /^(  )^\droom is where   |             
          \,(..),/                 |             
            V~~V   your dreams are |            /
