_____________________________|##|______________ /#
_____________________________|| |______________/ #
\###########################/\| /             /  #
 \#########################/  \/_____________/   #
  \-----------------------/    \             |   #
   \          o          /      \            |   #
   /¯¯¯¯¯¯¯¯¯¯¯¯¯¯¯¯¯¯¯¯¯\      /            |   #
  /                       \    /             |   #
 /                         \  /              |   #
/                           \/               |   #
                                             |   #
                                             |   #
                                             |   #
                                             |  /#
                                             | / #
              _____________________          |/__#
             |                     |             #
             |  Bedroom is where   |             *
             |                     |             #
             |     your dreams are |            /#
             |_____________________|           / #
                                              /  #
             mm                              |   #
          /^(  )^\                           |   #
       ___\,(..),/___________________________|_  #
     /|     V~~V                              |  #
