_____________________________|##|______________ /#
_____________________________|| |______________/ #
\###########################/\| /             /  #
 \#########################/  \/_____________/   #
  \-----------------------/    \             |   #
   \          o          /      \            |   #
   /¯¯¯¯¯¯¯¯¯¯¯¯¯¯¯¯¯¯¯¯¯\      /            |   #
  /                       \    /             |   #
 /                         \  /              |   #
/                           \/               |   #
                                             |   #
                                             |   #
                                             |   #
                                             |  /#
                                             | / #
              _____________________          |/__#
             |                     |             #
             |  Bedroom is where   |             *
             mm                    |             #
          /^(  )^\ your dreams are |            /#
          \,(..),/_________________|           / #
            V~~V                              /  #