_____________________________|__|______________ /
_____________________________|| |______________/ 
\###########################/\| /             /  
 \#########################/  \/_____________/   
  \-----------------------/    \             |   
   \          o          /      \            |   
   /¯¯¯¯¯¯¯¯¯¯¯¯¯¯¯¯¯¯¯¯¯\      /            |   
  /                       \    /             |   
 /                         \  /              |   
/                           \/               |   
                                             |   
                                             |   
                                             |   
                                             |  /
                                             | / 
              _____________________          |/__
             |                     |             
             |  Bedroom is where   |             
             |                     |             
             |     your dreams are |            /
             |_____________________|           / 
                                              /  
                                             |   
                                             |   
       ______mm______________________________|_  
     /|   /^(  )^\                            |  
    / |   \,(..),/                            |  
    | |     V~~V                              |  