|                                 /##############################################################################
|                                / ##############################################################################
|                               /  ##############################################################################
|                              /   ##############################################################################
|                             /    ##############################################################################
|                            /     ##############################################################################
|                           /     /############################################################################## 
|                          /     / ##############################################################################
|          _____________________/__##############################################################################
|         |                     |  ##############################################################################
|         |                     |  ##############################################################################
|         |                     |  ##############################################################################
|         |                     |  ##############################################################################
|         |                     |  ########_________*_________###################################################
|         |                     | /      /                    /                                                /|
|         |                      /_____ /                    /________________________________________________//|
|         |                                                                                                  |/ |
|         |                                                                                                     |
|         |@                                                                                                     *
|         |                                                                                                     |
|         |                      _______                     ________________________________________________|\ |
|         |                     |\      \                    \                                                \\|
|         |                     | \      \                    \                                                \#
|         |                     |  #######__________*_________###################################################
|         |                     |  ############################################################################## 
|         |                     |  ##############################################################################
|         |                     |  ##############################################################################
|         |_____________________|__##############################################################################
|                            \   \ ##############################################################################
|                             \   \##############################################################################
|                              \   ##############################################################################
|                               \  ##############################################################################
|                                \ ##############################################################################
|                                 \##############################################################################
