#################################################################################################################
*                                                                                                               #
#                                                                                                               #
#                                                                                                               #
#                                                                                                               #
#                                                                                                               #
#                                                                                                               #
#                                                                                                               #
#                                                                                                               #
#                                                                                                               #
#                                                                                                               #
#                    L A        C A C H O P E R I A                                                             #
#                                                                                                               #
#                                                                                                               #
#                                                                                                               #
#                                                                                                               #
#  ______                                                                                                       #
# < hola >                                                                                                      #
#  ------                                                                                                       #
#         \   ^__^                                                                                              #
#          \  (oo)\_______                                                                                      #
#             (__)\       )\/\                                                                                  #
#                 ||----w |                                                                                     #
#                 ||     ||                                                                                     #
#                                                                                                               #
#                                                                                                               #
#                S E G M E N T A T I O N                 F A U L T            ( N O        L I M I T S )        #
#                                                          ||                                                   #
#                     ||                                   ||                                                   #
#                     ||                                   \/                                                   #
#                     \/                                                                                        #
#                                                                              ||                               #
#                                                                              ||                               #
#                                                                              \/                               #
